mode: atomic
github.com/toanuitt/bookmark_service/docs/docs.go:199.13,201.2 1 0
github.com/toanuitt/bookmark_service/internal/api/api.go:34.57,42.2 3 0
github.com/toanuitt/bookmark_service/internal/api/api.go:45.29,47.2 1 0
github.com/toanuitt/bookmark_service/internal/api/api.go:50.65,52.2 1 0
github.com/toanuitt/bookmark_service/internal/api/api.go:61.28,84.2 12 0
github.com/toanuitt/bookmark_service/internal/api/config.go:19.35,22.16 3 0
github.com/toanuitt/bookmark_service/internal/api/config.go:22.16,24.3 1 0
github.com/toanuitt/bookmark_service/internal/api/config.go:25.2,25.26 1 0
github.com/toanuitt/bookmark_service/internal/api/config.go:25.26,27.17 2 0
github.com/toanuitt/bookmark_service/internal/api/config.go:27.17,29.4 1 0
github.com/toanuitt/bookmark_service/internal/api/config.go:30.3,30.31 1 0
github.com/toanuitt/bookmark_service/internal/api/config.go:32.2,32.17 1 0
github.com/toanuitt/bookmark_service/docs/docs.go:199.13,201.2 1 0
github.com/toanuitt/bookmark_service/internal/api/api.go:34.57,42.2 3 0
github.com/toanuitt/bookmark_service/internal/api/api.go:45.29,47.2 1 0
github.com/toanuitt/bookmark_service/internal/api/api.go:50.65,52.2 1 0
github.com/toanuitt/bookmark_service/internal/api/api.go:61.28,84.2 12 0
github.com/toanuitt/bookmark_service/internal/api/config.go:19.35,22.16 3 0
github.com/toanuitt/bookmark_service/internal/api/config.go:22.16,24.3 1 0
github.com/toanuitt/bookmark_service/internal/api/config.go:25.2,25.26 1 0
github.com/toanuitt/bookmark_service/internal/api/config.go:25.26,27.17 2 0
github.com/toanuitt/bookmark_service/internal/api/config.go:27.17,29.4 1 0
github.com/toanuitt/bookmark_service/internal/api/config.go:30.3,30.31 1 0
github.com/toanuitt/bookmark_service/internal/api/config.go:32.2,32.17 1 0
github.com/toanuitt/bookmark_service/internal/handler/health_handler.go:30.58,32.2 1 2
github.com/toanuitt/bookmark_service/internal/handler/health_handler.go:41.53,43.16 2 2
github.com/toanuitt/bookmark_service/internal/handler/health_handler.go:43.16,51.3 2 1
github.com/toanuitt/bookmark_service/internal/handler/health_handler.go:53.2,57.4 1 1
github.com/toanuitt/bookmark_service/internal/handler/pass_handler.go:22.49,24.2 1 2
github.com/toanuitt/bookmark_service/internal/handler/pass_handler.go:33.51,35.16 2 2
github.com/toanuitt/bookmark_service/internal/handler/pass_handler.go:35.16,38.3 2 1
github.com/toanuitt/bookmark_service/internal/handler/pass_handler.go:39.2,39.31 1 1
github.com/toanuitt/bookmark_service/internal/handler/shorten_url_handler.go:28.79,30.2 1 1
github.com/toanuitt/bookmark_service/internal/handler/shorten_url_handler.go:42.49,45.46 2 1
github.com/toanuitt/bookmark_service/internal/handler/shorten_url_handler.go:45.46,48.3 2 0
github.com/toanuitt/bookmark_service/internal/handler/shorten_url_handler.go:50.2,51.16 2 1
github.com/toanuitt/bookmark_service/internal/handler/shorten_url_handler.go:51.16,54.3 2 0
github.com/toanuitt/bookmark_service/internal/handler/shorten_url_handler.go:56.2,59.4 1 1
github.com/toanuitt/bookmark_service/internal/repository/health_repo.go:18.71,20.2 1 0
github.com/toanuitt/bookmark_service/internal/repository/health_repo.go:22.62,24.2 1 0
github.com/toanuitt/bookmark_service/internal/repository/urlstorage_repo.go:25.48,27.2 1 0
github.com/toanuitt/bookmark_service/internal/repository/urlstorage_repo.go:29.85,31.2 1 0
github.com/toanuitt/bookmark_service/internal/repository/urlstorage_repo.go:33.79,35.2 1 0
github.com/toanuitt/bookmark_service/internal/repository/urlstorage_repo.go:37.76,39.16 2 0
github.com/toanuitt/bookmark_service/internal/repository/urlstorage_repo.go:39.16,41.3 1 0
github.com/toanuitt/bookmark_service/internal/repository/urlstorage_repo.go:43.2,43.24 1 0
github.com/toanuitt/bookmark_service/internal/service/health_service.go:25.116,31.2 1 0
github.com/toanuitt/bookmark_service/internal/service/health_service.go:35.90,36.52 1 0
github.com/toanuitt/bookmark_service/internal/service/health_service.go:36.52,38.3 1 0
github.com/toanuitt/bookmark_service/internal/service/health_service.go:39.2,39.47 1 0
github.com/toanuitt/bookmark_service/internal/service/pass_service.go:27.29,29.2 1 0
github.com/toanuitt/bookmark_service/internal/service/pass_service.go:34.62,37.23 2 0
github.com/toanuitt/bookmark_service/internal/service/pass_service.go:37.23,39.17 2 0
github.com/toanuitt/bookmark_service/internal/service/pass_service.go:39.17,41.4 1 0
github.com/toanuitt/bookmark_service/internal/service/pass_service.go:42.3,42.53 1 0
github.com/toanuitt/bookmark_service/internal/service/pass_service.go:44.2,44.33 1 0
github.com/toanuitt/bookmark_service/internal/service/shorten_url_service.go:27.101,32.2 1 0
github.com/toanuitt/bookmark_service/internal/service/shorten_url_service.go:34.106,36.41 2 0
github.com/toanuitt/bookmark_service/internal/service/shorten_url_service.go:36.41,38.17 2 0
github.com/toanuitt/bookmark_service/internal/service/shorten_url_service.go:38.17,40.4 1 0
github.com/toanuitt/bookmark_service/internal/service/shorten_url_service.go:41.3,43.17 3 0
github.com/toanuitt/bookmark_service/internal/service/shorten_url_service.go:43.17,45.4 1 0
github.com/toanuitt/bookmark_service/internal/service/shorten_url_service.go:47.3,47.14 1 0
github.com/toanuitt/bookmark_service/internal/service/shorten_url_service.go:47.14,48.9 1 0
github.com/toanuitt/bookmark_service/internal/service/shorten_url_service.go:51.3,51.28 1 0
github.com/toanuitt/bookmark_service/internal/service/shorten_url_service.go:51.28,53.4 1 0
github.com/toanuitt/bookmark_service/internal/service/shorten_url_service.go:55.2,56.16 2 0
github.com/toanuitt/bookmark_service/internal/service/shorten_url_service.go:56.16,58.3 1 0
github.com/toanuitt/bookmark_service/internal/service/shorten_url_service.go:59.2,59.21 1 0
github.com/toanuitt/bookmark_service/internal/service/shorten_url_service.go:62.78,64.16 2 0
github.com/toanuitt/bookmark_service/internal/service/shorten_url_service.go:64.16,66.3 1 0
github.com/toanuitt/bookmark_service/internal/service/shorten_url_service.go:67.2,67.17 1 0
github.com/toanuitt/bookmark_service/pkg/redis/client.go:7.62,9.16 2 0
github.com/toanuitt/bookmark_service/pkg/redis/client.go:9.16,11.3 1 0
github.com/toanuitt/bookmark_service/pkg/redis/client.go:12.2,17.20 2 0
github.com/toanuitt/bookmark_service/pkg/redis/config.go:11.51,14.16 3 0
github.com/toanuitt/bookmark_service/pkg/redis/config.go:14.16,16.3 1 0
github.com/toanuitt/bookmark_service/pkg/redis/config.go:17.2,17.17 1 0
github.com/toanuitt/bookmark_service/pkg/redis/mock.go:10.48,15.2 2 0
github.com/toanuitt/bookmark_service/pkg/stringutils/generate_code.go:21.39,23.2 1 0
github.com/toanuitt/bookmark_service/pkg/stringutils/generate_code.go:25.70,28.30 2 0
github.com/toanuitt/bookmark_service/pkg/stringutils/generate_code.go:28.30,30.17 2 0
github.com/toanuitt/bookmark_service/pkg/stringutils/generate_code.go:30.17,32.4 1 0
github.com/toanuitt/bookmark_service/pkg/stringutils/generate_code.go:33.3,33.53 1 0
github.com/toanuitt/bookmark_service/pkg/stringutils/generate_code.go:35.2,35.33 1 0
github.com/toanuitt/bookmark_service/docs/docs.go:199.13,201.2 1 0
github.com/toanuitt/bookmark_service/internal/api/api.go:34.57,42.2 3 0
github.com/toanuitt/bookmark_service/internal/api/api.go:45.29,47.2 1 0
github.com/toanuitt/bookmark_service/internal/api/api.go:50.65,52.2 1 0
github.com/toanuitt/bookmark_service/internal/api/api.go:61.28,84.2 12 0
github.com/toanuitt/bookmark_service/internal/api/config.go:19.35,22.16 3 0
github.com/toanuitt/bookmark_service/internal/api/config.go:22.16,24.3 1 0
github.com/toanuitt/bookmark_service/internal/api/config.go:25.2,25.26 1 0
github.com/toanuitt/bookmark_service/internal/api/config.go:25.26,27.17 2 0
github.com/toanuitt/bookmark_service/internal/api/config.go:27.17,29.4 1 0
github.com/toanuitt/bookmark_service/internal/api/config.go:30.3,30.31 1 0
github.com/toanuitt/bookmark_service/internal/api/config.go:32.2,32.17 1 0
github.com/toanuitt/bookmark_service/internal/handler/health_handler.go:30.58,32.2 1 0
github.com/toanuitt/bookmark_service/internal/handler/health_handler.go:41.53,43.16 2 0
github.com/toanuitt/bookmark_service/internal/handler/health_handler.go:43.16,51.3 2 0
github.com/toanuitt/bookmark_service/internal/handler/health_handler.go:53.2,57.4 1 0
github.com/toanuitt/bookmark_service/internal/handler/pass_handler.go:22.49,24.2 1 0
github.com/toanuitt/bookmark_service/internal/handler/pass_handler.go:33.51,35.16 2 0
github.com/toanuitt/bookmark_service/internal/handler/pass_handler.go:35.16,38.3 2 0
github.com/toanuitt/bookmark_service/internal/handler/pass_handler.go:39.2,39.31 1 0
github.com/toanuitt/bookmark_service/internal/handler/shorten_url_handler.go:28.79,30.2 1 0
github.com/toanuitt/bookmark_service/internal/handler/shorten_url_handler.go:42.49,45.46 2 0
github.com/toanuitt/bookmark_service/internal/handler/shorten_url_handler.go:45.46,48.3 2 0
github.com/toanuitt/bookmark_service/internal/handler/shorten_url_handler.go:50.2,51.16 2 0
github.com/toanuitt/bookmark_service/internal/handler/shorten_url_handler.go:51.16,54.3 2 0
github.com/toanuitt/bookmark_service/internal/handler/shorten_url_handler.go:56.2,59.4 1 0
github.com/toanuitt/bookmark_service/internal/repository/health_repo.go:18.71,20.2 1 1
github.com/toanuitt/bookmark_service/internal/repository/health_repo.go:22.62,24.2 1 1
github.com/toanuitt/bookmark_service/internal/repository/urlstorage_repo.go:25.48,27.2 1 4
github.com/toanuitt/bookmark_service/internal/repository/urlstorage_repo.go:29.85,31.2 1 1
github.com/toanuitt/bookmark_service/internal/repository/urlstorage_repo.go:33.79,35.2 1 1
github.com/toanuitt/bookmark_service/internal/repository/urlstorage_repo.go:37.76,39.16 2 2
github.com/toanuitt/bookmark_service/internal/repository/urlstorage_repo.go:39.16,41.3 1 0
github.com/toanuitt/bookmark_service/internal/repository/urlstorage_repo.go:43.2,43.24 1 2
github.com/toanuitt/bookmark_service/internal/service/health_service.go:25.116,31.2 1 0
github.com/toanuitt/bookmark_service/internal/service/health_service.go:35.90,36.52 1 0
github.com/toanuitt/bookmark_service/internal/service/health_service.go:36.52,38.3 1 0
github.com/toanuitt/bookmark_service/internal/service/health_service.go:39.2,39.47 1 0
github.com/toanuitt/bookmark_service/internal/service/pass_service.go:27.29,29.2 1 0
github.com/toanuitt/bookmark_service/internal/service/pass_service.go:34.62,37.23 2 0
github.com/toanuitt/bookmark_service/internal/service/pass_service.go:37.23,39.17 2 0
github.com/toanuitt/bookmark_service/internal/service/pass_service.go:39.17,41.4 1 0
github.com/toanuitt/bookmark_service/internal/service/pass_service.go:42.3,42.53 1 0
github.com/toanuitt/bookmark_service/internal/service/pass_service.go:44.2,44.33 1 0
github.com/toanuitt/bookmark_service/internal/service/shorten_url_service.go:27.101,32.2 1 0
github.com/toanuitt/bookmark_service/internal/service/shorten_url_service.go:34.106,36.41 2 0
github.com/toanuitt/bookmark_service/internal/service/shorten_url_service.go:36.41,38.17 2 0
github.com/toanuitt/bookmark_service/internal/service/shorten_url_service.go:38.17,40.4 1 0
github.com/toanuitt/bookmark_service/internal/service/shorten_url_service.go:41.3,43.17 3 0
github.com/toanuitt/bookmark_service/internal/service/shorten_url_service.go:43.17,45.4 1 0
github.com/toanuitt/bookmark_service/internal/service/shorten_url_service.go:47.3,47.14 1 0
github.com/toanuitt/bookmark_service/internal/service/shorten_url_service.go:47.14,48.9 1 0
github.com/toanuitt/bookmark_service/internal/service/shorten_url_service.go:51.3,51.28 1 0
github.com/toanuitt/bookmark_service/internal/service/shorten_url_service.go:51.28,53.4 1 0
github.com/toanuitt/bookmark_service/internal/service/shorten_url_service.go:55.2,56.16 2 0
github.com/toanuitt/bookmark_service/internal/service/shorten_url_service.go:56.16,58.3 1 0
github.com/toanuitt/bookmark_service/internal/service/shorten_url_service.go:59.2,59.21 1 0
github.com/toanuitt/bookmark_service/internal/service/shorten_url_service.go:62.78,64.16 2 0
github.com/toanuitt/bookmark_service/internal/service/shorten_url_service.go:64.16,66.3 1 0
github.com/toanuitt/bookmark_service/internal/service/shorten_url_service.go:67.2,67.17 1 0
github.com/toanuitt/bookmark_service/pkg/redis/client.go:7.62,9.16 2 0
github.com/toanuitt/bookmark_service/pkg/redis/client.go:9.16,11.3 1 0
github.com/toanuitt/bookmark_service/pkg/redis/client.go:12.2,17.20 2 0
github.com/toanuitt/bookmark_service/pkg/redis/config.go:11.51,14.16 3 0
github.com/toanuitt/bookmark_service/pkg/redis/config.go:14.16,16.3 1 0
github.com/toanuitt/bookmark_service/pkg/redis/config.go:17.2,17.17 1 0
github.com/toanuitt/bookmark_service/pkg/redis/mock.go:10.48,15.2 2 5
github.com/toanuitt/bookmark_service/pkg/stringutils/generate_code.go:21.39,23.2 1 0
github.com/toanuitt/bookmark_service/pkg/stringutils/generate_code.go:25.70,28.30 2 0
github.com/toanuitt/bookmark_service/pkg/stringutils/generate_code.go:28.30,30.17 2 0
github.com/toanuitt/bookmark_service/pkg/stringutils/generate_code.go:30.17,32.4 1 0
github.com/toanuitt/bookmark_service/pkg/stringutils/generate_code.go:33.3,33.53 1 0
github.com/toanuitt/bookmark_service/pkg/stringutils/generate_code.go:35.2,35.33 1 0
github.com/toanuitt/bookmark_service/docs/docs.go:199.13,201.2 1 0
github.com/toanuitt/bookmark_service/internal/api/api.go:34.57,42.2 3 0
github.com/toanuitt/bookmark_service/internal/api/api.go:45.29,47.2 1 0
github.com/toanuitt/bookmark_service/internal/api/api.go:50.65,52.2 1 0
github.com/toanuitt/bookmark_service/internal/api/api.go:61.28,84.2 12 0
github.com/toanuitt/bookmark_service/internal/api/config.go:19.35,22.16 3 0
github.com/toanuitt/bookmark_service/internal/api/config.go:22.16,24.3 1 0
github.com/toanuitt/bookmark_service/internal/api/config.go:25.2,25.26 1 0
github.com/toanuitt/bookmark_service/internal/api/config.go:25.26,27.17 2 0
github.com/toanuitt/bookmark_service/internal/api/config.go:27.17,29.4 1 0
github.com/toanuitt/bookmark_service/internal/api/config.go:30.3,30.31 1 0
github.com/toanuitt/bookmark_service/internal/api/config.go:32.2,32.17 1 0
github.com/toanuitt/bookmark_service/internal/handler/health_handler.go:30.58,32.2 1 0
github.com/toanuitt/bookmark_service/internal/handler/health_handler.go:41.53,43.16 2 0
github.com/toanuitt/bookmark_service/internal/handler/health_handler.go:43.16,51.3 2 0
github.com/toanuitt/bookmark_service/internal/handler/health_handler.go:53.2,57.4 1 0
github.com/toanuitt/bookmark_service/internal/handler/pass_handler.go:22.49,24.2 1 0
github.com/toanuitt/bookmark_service/internal/handler/pass_handler.go:33.51,35.16 2 0
github.com/toanuitt/bookmark_service/internal/handler/pass_handler.go:35.16,38.3 2 0
github.com/toanuitt/bookmark_service/internal/handler/pass_handler.go:39.2,39.31 1 0
github.com/toanuitt/bookmark_service/internal/handler/shorten_url_handler.go:28.79,30.2 1 0
github.com/toanuitt/bookmark_service/internal/handler/shorten_url_handler.go:42.49,45.46 2 0
github.com/toanuitt/bookmark_service/internal/handler/shorten_url_handler.go:45.46,48.3 2 0
github.com/toanuitt/bookmark_service/internal/handler/shorten_url_handler.go:50.2,51.16 2 0
github.com/toanuitt/bookmark_service/internal/handler/shorten_url_handler.go:51.16,54.3 2 0
github.com/toanuitt/bookmark_service/internal/handler/shorten_url_handler.go:56.2,59.4 1 0
github.com/toanuitt/bookmark_service/internal/repository/health_repo.go:18.71,20.2 1 0
github.com/toanuitt/bookmark_service/internal/repository/health_repo.go:22.62,24.2 1 0
github.com/toanuitt/bookmark_service/internal/repository/urlstorage_repo.go:25.48,27.2 1 0
github.com/toanuitt/bookmark_service/internal/repository/urlstorage_repo.go:29.85,31.2 1 0
github.com/toanuitt/bookmark_service/internal/repository/urlstorage_repo.go:33.79,35.2 1 0
github.com/toanuitt/bookmark_service/internal/repository/urlstorage_repo.go:37.76,39.16 2 0
github.com/toanuitt/bookmark_service/internal/repository/urlstorage_repo.go:39.16,41.3 1 0
github.com/toanuitt/bookmark_service/internal/repository/urlstorage_repo.go:43.2,43.24 1 0
github.com/toanuitt/bookmark_service/internal/service/health_service.go:25.116,31.2 1 3
github.com/toanuitt/bookmark_service/internal/service/health_service.go:35.90,36.52 1 3
github.com/toanuitt/bookmark_service/internal/service/health_service.go:36.52,38.3 1 1
github.com/toanuitt/bookmark_service/internal/service/health_service.go:39.2,39.47 1 2
github.com/toanuitt/bookmark_service/internal/service/pass_service.go:27.29,29.2 1 1
github.com/toanuitt/bookmark_service/internal/service/pass_service.go:34.62,37.23 2 1
github.com/toanuitt/bookmark_service/internal/service/pass_service.go:37.23,39.17 2 10
github.com/toanuitt/bookmark_service/internal/service/pass_service.go:39.17,41.4 1 0
github.com/toanuitt/bookmark_service/internal/service/pass_service.go:42.3,42.53 1 10
github.com/toanuitt/bookmark_service/internal/service/pass_service.go:44.2,44.33 1 1
github.com/toanuitt/bookmark_service/internal/service/shorten_url_service.go:27.101,32.2 1 3
github.com/toanuitt/bookmark_service/internal/service/shorten_url_service.go:34.106,36.41 2 1
github.com/toanuitt/bookmark_service/internal/service/shorten_url_service.go:36.41,38.17 2 1
github.com/toanuitt/bookmark_service/internal/service/shorten_url_service.go:38.17,40.4 1 0
github.com/toanuitt/bookmark_service/internal/service/shorten_url_service.go:41.3,43.17 3 1
github.com/toanuitt/bookmark_service/internal/service/shorten_url_service.go:43.17,45.4 1 0
github.com/toanuitt/bookmark_service/internal/service/shorten_url_service.go:47.3,47.14 1 1
github.com/toanuitt/bookmark_service/internal/service/shorten_url_service.go:47.14,48.9 1 1
github.com/toanuitt/bookmark_service/internal/service/shorten_url_service.go:51.3,51.28 1 0
github.com/toanuitt/bookmark_service/internal/service/shorten_url_service.go:51.28,53.4 1 0
github.com/toanuitt/bookmark_service/internal/service/shorten_url_service.go:55.2,56.16 2 1
github.com/toanuitt/bookmark_service/internal/service/shorten_url_service.go:56.16,58.3 1 0
github.com/toanuitt/bookmark_service/internal/service/shorten_url_service.go:59.2,59.21 1 1
github.com/toanuitt/bookmark_service/internal/service/shorten_url_service.go:62.78,64.16 2 2
github.com/toanuitt/bookmark_service/internal/service/shorten_url_service.go:64.16,66.3 1 1
github.com/toanuitt/bookmark_service/internal/service/shorten_url_service.go:67.2,67.17 1 1
github.com/toanuitt/bookmark_service/pkg/redis/client.go:7.62,9.16 2 0
github.com/toanuitt/bookmark_service/pkg/redis/client.go:9.16,11.3 1 0
github.com/toanuitt/bookmark_service/pkg/redis/client.go:12.2,17.20 2 0
github.com/toanuitt/bookmark_service/pkg/redis/config.go:11.51,14.16 3 0
github.com/toanuitt/bookmark_service/pkg/redis/config.go:14.16,16.3 1 0
github.com/toanuitt/bookmark_service/pkg/redis/config.go:17.2,17.17 1 0
github.com/toanuitt/bookmark_service/pkg/redis/mock.go:10.48,15.2 2 0
github.com/toanuitt/bookmark_service/pkg/stringutils/generate_code.go:21.39,23.2 1 0
github.com/toanuitt/bookmark_service/pkg/stringutils/generate_code.go:25.70,28.30 2 0
github.com/toanuitt/bookmark_service/pkg/stringutils/generate_code.go:28.30,30.17 2 0
github.com/toanuitt/bookmark_service/pkg/stringutils/generate_code.go:30.17,32.4 1 0
github.com/toanuitt/bookmark_service/pkg/stringutils/generate_code.go:33.3,33.53 1 0
github.com/toanuitt/bookmark_service/pkg/stringutils/generate_code.go:35.2,35.33 1 0
github.com/toanuitt/bookmark_service/docs/docs.go:199.13,201.2 1 0
github.com/toanuitt/bookmark_service/internal/api/api.go:34.57,42.2 3 4
github.com/toanuitt/bookmark_service/internal/api/api.go:45.29,47.2 1 0
github.com/toanuitt/bookmark_service/internal/api/api.go:50.65,52.2 1 4
github.com/toanuitt/bookmark_service/internal/api/api.go:61.28,84.2 12 4
github.com/toanuitt/bookmark_service/internal/api/config.go:19.35,22.16 3 2
github.com/toanuitt/bookmark_service/internal/api/config.go:22.16,24.3 1 0
github.com/toanuitt/bookmark_service/internal/api/config.go:25.2,25.26 1 2
github.com/toanuitt/bookmark_service/internal/api/config.go:25.26,27.17 2 2
github.com/toanuitt/bookmark_service/internal/api/config.go:27.17,29.4 1 0
github.com/toanuitt/bookmark_service/internal/api/config.go:30.3,30.31 1 2
github.com/toanuitt/bookmark_service/internal/api/config.go:32.2,32.17 1 2
github.com/toanuitt/bookmark_service/internal/handler/health_handler.go:30.58,32.2 1 4
github.com/toanuitt/bookmark_service/internal/handler/health_handler.go:41.53,43.16 2 1
github.com/toanuitt/bookmark_service/internal/handler/health_handler.go:43.16,51.3 2 0
github.com/toanuitt/bookmark_service/internal/handler/health_handler.go:53.2,57.4 1 1
github.com/toanuitt/bookmark_service/internal/handler/pass_handler.go:22.49,24.2 1 4
github.com/toanuitt/bookmark_service/internal/handler/pass_handler.go:33.51,35.16 2 1
github.com/toanuitt/bookmark_service/internal/handler/pass_handler.go:35.16,38.3 2 0
github.com/toanuitt/bookmark_service/internal/handler/pass_handler.go:39.2,39.31 1 1
github.com/toanuitt/bookmark_service/internal/handler/shorten_url_handler.go:28.79,30.2 1 4
github.com/toanuitt/bookmark_service/internal/handler/shorten_url_handler.go:42.49,45.46 2 2
github.com/toanuitt/bookmark_service/internal/handler/shorten_url_handler.go:45.46,48.3 2 1
github.com/toanuitt/bookmark_service/internal/handler/shorten_url_handler.go:50.2,51.16 2 1
github.com/toanuitt/bookmark_service/internal/handler/shorten_url_handler.go:51.16,54.3 2 0
github.com/toanuitt/bookmark_service/internal/handler/shorten_url_handler.go:56.2,59.4 1 1
github.com/toanuitt/bookmark_service/internal/repository/health_repo.go:18.71,20.2 1 4
github.com/toanuitt/bookmark_service/internal/repository/health_repo.go:22.62,24.2 1 1
github.com/toanuitt/bookmark_service/internal/repository/urlstorage_repo.go:25.48,27.2 1 4
github.com/toanuitt/bookmark_service/internal/repository/urlstorage_repo.go:29.85,31.2 1 1
github.com/toanuitt/bookmark_service/internal/repository/urlstorage_repo.go:33.79,35.2 1 0
github.com/toanuitt/bookmark_service/internal/repository/urlstorage_repo.go:37.76,39.16 2 1
github.com/toanuitt/bookmark_service/internal/repository/urlstorage_repo.go:39.16,41.3 1 0
github.com/toanuitt/bookmark_service/internal/repository/urlstorage_repo.go:43.2,43.24 1 1
github.com/toanuitt/bookmark_service/internal/service/health_service.go:25.116,31.2 1 4
github.com/toanuitt/bookmark_service/internal/service/health_service.go:35.90,36.52 1 1
github.com/toanuitt/bookmark_service/internal/service/health_service.go:36.52,38.3 1 0
github.com/toanuitt/bookmark_service/internal/service/health_service.go:39.2,39.47 1 1
github.com/toanuitt/bookmark_service/internal/service/pass_service.go:27.29,29.2 1 4
github.com/toanuitt/bookmark_service/internal/service/pass_service.go:34.62,37.23 2 1
github.com/toanuitt/bookmark_service/internal/service/pass_service.go:37.23,39.17 2 10
github.com/toanuitt/bookmark_service/internal/service/pass_service.go:39.17,41.4 1 0
github.com/toanuitt/bookmark_service/internal/service/pass_service.go:42.3,42.53 1 10
github.com/toanuitt/bookmark_service/internal/service/pass_service.go:44.2,44.33 1 1
github.com/toanuitt/bookmark_service/internal/service/shorten_url_service.go:27.101,32.2 1 4
github.com/toanuitt/bookmark_service/internal/service/shorten_url_service.go:34.106,36.41 2 1
github.com/toanuitt/bookmark_service/internal/service/shorten_url_service.go:36.41,38.17 2 1
github.com/toanuitt/bookmark_service/internal/service/shorten_url_service.go:38.17,40.4 1 0
github.com/toanuitt/bookmark_service/internal/service/shorten_url_service.go:41.3,43.17 3 1
github.com/toanuitt/bookmark_service/internal/service/shorten_url_service.go:43.17,45.4 1 0
github.com/toanuitt/bookmark_service/internal/service/shorten_url_service.go:47.3,47.14 1 1
github.com/toanuitt/bookmark_service/internal/service/shorten_url_service.go:47.14,48.9 1 1
github.com/toanuitt/bookmark_service/internal/service/shorten_url_service.go:51.3,51.28 1 0
github.com/toanuitt/bookmark_service/internal/service/shorten_url_service.go:51.28,53.4 1 0
github.com/toanuitt/bookmark_service/internal/service/shorten_url_service.go:55.2,56.16 2 1
github.com/toanuitt/bookmark_service/internal/service/shorten_url_service.go:56.16,58.3 1 0
github.com/toanuitt/bookmark_service/internal/service/shorten_url_service.go:59.2,59.21 1 1
github.com/toanuitt/bookmark_service/internal/service/shorten_url_service.go:62.78,64.16 2 0
github.com/toanuitt/bookmark_service/internal/service/shorten_url_service.go:64.16,66.3 1 0
github.com/toanuitt/bookmark_service/internal/service/shorten_url_service.go:67.2,67.17 1 0
github.com/toanuitt/bookmark_service/pkg/redis/client.go:7.62,9.16 2 0
github.com/toanuitt/bookmark_service/pkg/redis/client.go:9.16,11.3 1 0
github.com/toanuitt/bookmark_service/pkg/redis/client.go:12.2,17.20 2 0
github.com/toanuitt/bookmark_service/pkg/redis/config.go:11.51,14.16 3 0
github.com/toanuitt/bookmark_service/pkg/redis/config.go:14.16,16.3 1 0
github.com/toanuitt/bookmark_service/pkg/redis/config.go:17.2,17.17 1 0
github.com/toanuitt/bookmark_service/pkg/redis/mock.go:10.48,15.2 2 3
github.com/toanuitt/bookmark_service/pkg/stringutils/generate_code.go:21.39,23.2 1 4
github.com/toanuitt/bookmark_service/pkg/stringutils/generate_code.go:25.70,28.30 2 1
github.com/toanuitt/bookmark_service/pkg/stringutils/generate_code.go:28.30,30.17 2 7
github.com/toanuitt/bookmark_service/pkg/stringutils/generate_code.go:30.17,32.4 1 0
github.com/toanuitt/bookmark_service/pkg/stringutils/generate_code.go:33.3,33.53 1 7
github.com/toanuitt/bookmark_service/pkg/stringutils/generate_code.go:35.2,35.33 1 1
github.com/toanuitt/bookmark_service/pkg/redis/client.go:7.62,9.16 2 0
github.com/toanuitt/bookmark_service/pkg/redis/client.go:9.16,11.3 1 0
github.com/toanuitt/bookmark_service/pkg/redis/client.go:12.2,17.20 2 0
github.com/toanuitt/bookmark_service/pkg/redis/config.go:11.51,14.16 3 0
github.com/toanuitt/bookmark_service/pkg/redis/config.go:14.16,16.3 1 0
github.com/toanuitt/bookmark_service/pkg/redis/config.go:17.2,17.17 1 0
github.com/toanuitt/bookmark_service/pkg/redis/mock.go:10.48,15.2 2 0
github.com/toanuitt/bookmark_service/docs/docs.go:199.13,201.2 1 0
github.com/toanuitt/bookmark_service/internal/api/api.go:34.57,42.2 3 0
github.com/toanuitt/bookmark_service/internal/api/api.go:45.29,47.2 1 0
github.com/toanuitt/bookmark_service/internal/api/api.go:50.65,52.2 1 0
github.com/toanuitt/bookmark_service/internal/api/api.go:61.28,84.2 12 0
github.com/toanuitt/bookmark_service/internal/api/config.go:19.35,22.16 3 0
github.com/toanuitt/bookmark_service/internal/api/config.go:22.16,24.3 1 0
github.com/toanuitt/bookmark_service/internal/api/config.go:25.2,25.26 1 0
github.com/toanuitt/bookmark_service/internal/api/config.go:25.26,27.17 2 0
github.com/toanuitt/bookmark_service/internal/api/config.go:27.17,29.4 1 0
github.com/toanuitt/bookmark_service/internal/api/config.go:30.3,30.31 1 0
github.com/toanuitt/bookmark_service/internal/api/config.go:32.2,32.17 1 0
github.com/toanuitt/bookmark_service/internal/handler/health_handler.go:30.58,32.2 1 0
github.com/toanuitt/bookmark_service/internal/handler/health_handler.go:41.53,43.16 2 0
github.com/toanuitt/bookmark_service/internal/handler/health_handler.go:43.16,51.3 2 0
github.com/toanuitt/bookmark_service/internal/handler/health_handler.go:53.2,57.4 1 0
github.com/toanuitt/bookmark_service/internal/handler/pass_handler.go:22.49,24.2 1 0
github.com/toanuitt/bookmark_service/internal/handler/pass_handler.go:33.51,35.16 2 0
github.com/toanuitt/bookmark_service/internal/handler/pass_handler.go:35.16,38.3 2 0
github.com/toanuitt/bookmark_service/internal/handler/pass_handler.go:39.2,39.31 1 0
github.com/toanuitt/bookmark_service/internal/handler/shorten_url_handler.go:28.79,30.2 1 0
github.com/toanuitt/bookmark_service/internal/handler/shorten_url_handler.go:42.49,45.46 2 0
github.com/toanuitt/bookmark_service/internal/handler/shorten_url_handler.go:45.46,48.3 2 0
github.com/toanuitt/bookmark_service/internal/handler/shorten_url_handler.go:50.2,51.16 2 0
github.com/toanuitt/bookmark_service/internal/handler/shorten_url_handler.go:51.16,54.3 2 0
github.com/toanuitt/bookmark_service/internal/handler/shorten_url_handler.go:56.2,59.4 1 0
github.com/toanuitt/bookmark_service/internal/repository/health_repo.go:18.71,20.2 1 0
github.com/toanuitt/bookmark_service/internal/repository/health_repo.go:22.62,24.2 1 0
github.com/toanuitt/bookmark_service/internal/repository/urlstorage_repo.go:25.48,27.2 1 0
github.com/toanuitt/bookmark_service/internal/repository/urlstorage_repo.go:29.85,31.2 1 0
github.com/toanuitt/bookmark_service/internal/repository/urlstorage_repo.go:33.79,35.2 1 0
github.com/toanuitt/bookmark_service/internal/repository/urlstorage_repo.go:37.76,39.16 2 0
github.com/toanuitt/bookmark_service/internal/repository/urlstorage_repo.go:39.16,41.3 1 0
github.com/toanuitt/bookmark_service/internal/repository/urlstorage_repo.go:43.2,43.24 1 0
github.com/toanuitt/bookmark_service/internal/service/health_service.go:25.116,31.2 1 0
github.com/toanuitt/bookmark_service/internal/service/health_service.go:35.90,36.52 1 0
github.com/toanuitt/bookmark_service/internal/service/health_service.go:36.52,38.3 1 0
github.com/toanuitt/bookmark_service/internal/service/health_service.go:39.2,39.47 1 0
github.com/toanuitt/bookmark_service/internal/service/pass_service.go:27.29,29.2 1 0
github.com/toanuitt/bookmark_service/internal/service/pass_service.go:34.62,37.23 2 0
github.com/toanuitt/bookmark_service/internal/service/pass_service.go:37.23,39.17 2 0
github.com/toanuitt/bookmark_service/internal/service/pass_service.go:39.17,41.4 1 0
github.com/toanuitt/bookmark_service/internal/service/pass_service.go:42.3,42.53 1 0
github.com/toanuitt/bookmark_service/internal/service/pass_service.go:44.2,44.33 1 0
github.com/toanuitt/bookmark_service/internal/service/shorten_url_service.go:27.101,32.2 1 0
github.com/toanuitt/bookmark_service/internal/service/shorten_url_service.go:34.106,36.41 2 0
github.com/toanuitt/bookmark_service/internal/service/shorten_url_service.go:36.41,38.17 2 0
github.com/toanuitt/bookmark_service/internal/service/shorten_url_service.go:38.17,40.4 1 0
github.com/toanuitt/bookmark_service/internal/service/shorten_url_service.go:41.3,43.17 3 0
github.com/toanuitt/bookmark_service/internal/service/shorten_url_service.go:43.17,45.4 1 0
github.com/toanuitt/bookmark_service/internal/service/shorten_url_service.go:47.3,47.14 1 0
github.com/toanuitt/bookmark_service/internal/service/shorten_url_service.go:47.14,48.9 1 0
github.com/toanuitt/bookmark_service/internal/service/shorten_url_service.go:51.3,51.28 1 0
github.com/toanuitt/bookmark_service/internal/service/shorten_url_service.go:51.28,53.4 1 0
github.com/toanuitt/bookmark_service/internal/service/shorten_url_service.go:55.2,56.16 2 0
github.com/toanuitt/bookmark_service/internal/service/shorten_url_service.go:56.16,58.3 1 0
github.com/toanuitt/bookmark_service/internal/service/shorten_url_service.go:59.2,59.21 1 0
github.com/toanuitt/bookmark_service/internal/service/shorten_url_service.go:62.78,64.16 2 0
github.com/toanuitt/bookmark_service/internal/service/shorten_url_service.go:64.16,66.3 1 0
github.com/toanuitt/bookmark_service/internal/service/shorten_url_service.go:67.2,67.17 1 0
github.com/toanuitt/bookmark_service/pkg/redis/client.go:7.62,9.16 2 0
github.com/toanuitt/bookmark_service/pkg/redis/client.go:9.16,11.3 1 0
github.com/toanuitt/bookmark_service/pkg/redis/client.go:12.2,17.20 2 0
github.com/toanuitt/bookmark_service/pkg/redis/config.go:11.51,14.16 3 0
github.com/toanuitt/bookmark_service/pkg/redis/config.go:14.16,16.3 1 0
github.com/toanuitt/bookmark_service/pkg/redis/config.go:17.2,17.17 1 0
github.com/toanuitt/bookmark_service/pkg/redis/mock.go:10.48,15.2 2 0
github.com/toanuitt/bookmark_service/pkg/stringutils/generate_code.go:21.39,23.2 1 1
github.com/toanuitt/bookmark_service/pkg/stringutils/generate_code.go:25.70,28.30 2 1
github.com/toanuitt/bookmark_service/pkg/stringutils/generate_code.go:28.30,30.17 2 7
github.com/toanuitt/bookmark_service/pkg/stringutils/generate_code.go:30.17,32.4 1 0
github.com/toanuitt/bookmark_service/pkg/stringutils/generate_code.go:33.3,33.53 1 7
github.com/toanuitt/bookmark_service/pkg/stringutils/generate_code.go:35.2,35.33 1 1
